[0m17:42:33.360831 [debug] [MainThread]: Sending event: {'category': 'dbt', 'action': 'invocation', 'label': 'start', 'context': [<snowplow_tracker.self_describing_json.SelfDescribingJson object at 0x0000023231AACD70>, <snowplow_tracker.self_describing_json.SelfDescribingJson object at 0x000002323402BED0>, <snowplow_tracker.self_describing_json.SelfDescribingJson object at 0x000002323402BB10>]}


============================== 17:42:33.365944 | 08b0e42c-ec41-4705-8524-0f9bbe28c7fa ==============================
[0m17:42:33.365944 [info ] [MainThread]: Running with dbt=1.12.5
[0m17:42:33.366585 [debug] [MainThread]: running dbt with arguments {'printer_width': '80', 'write_json': 'True', 'cache_selected_only': 'False', 'warn_error': 'None', 'profiles_dir': 'C:\\Users\\USER\\.dbt', 'debug': 'False', 'static_parser': 'True', 'log_cache_events': 'False', 'empty': 'None', 'log_format': 'default', 'quiet': 'False', 'maximum_seed_size_mib': '1', 'use_colors': 'True', 'partial_parse': 'True', 'version_check': 'True', 'log_path': 'logs', 'introspect': 'True', 'no_print': 'None', 'fail_fast': 'False', 'warn_error_options': 'WarnErrorOptionsV2(error=[], warn=[], silence=[])', 'invocation_command': 'dbt init dbt_demo_project', 'send_anonymous_usage_stats': 'True', 'hints_enabled': 'True', 'indirect_selection': 'eager', 'use_experimental_parser': 'False', 'target_path': 'None'}
[0m17:42:33.399548 [info ] [MainThread]: Creating dbt configuration folder at C:\Users\USER\.dbt
[0m17:42:33.402370 [debug] [MainThread]: Starter project path: C:\Users\USER\AppData\Local\Programs\Python\Python313\Lib\site-packages\dbt\include\starter_project
[0m17:42:33.429130 [info ] [MainThread]: Setting up your profile.
[0m17:42:58.341058 [debug] [MainThread]: Snowflake adapter: Setting snowflake.connector to ERROR (file logging only)
[0m17:42:58.341504 [debug] [MainThread]: Snowflake adapter: Setting botocore to ERROR (file logging only)
[0m17:42:58.341804 [debug] [MainThread]: Snowflake adapter: Setting boto3 to ERROR (file logging only)
[0m17:45:15.009170 [info ] [MainThread]: Profile dbt_demo_project written to C:\Users\USER\.dbt\profiles.yml using target's profile_template.yml and your supplied values.
[0m17:45:15.012787 [info ] [MainThread]: Running dbt debug to validate the project...
[0m17:45:15.013538 [info ] [MainThread]: dbt version: 1.12.5
[0m17:45:15.014046 [info ] [MainThread]: python version: 3.13.2
[0m17:45:15.014519 [info ] [MainThread]: python path: C:\Users\USER\AppData\Local\Programs\Python\Python313\python.exe
[0m17:45:15.015009 [info ] [MainThread]: os info: Windows-10-10.0.19045-SP0
[0m17:45:15.081005 [info ] [MainThread]: Using profiles dir at C:\Users\USER\.dbt
[0m17:45:15.081527 [info ] [MainThread]: Using profiles.yml file at C:\Users\USER\.dbt\profiles.yml
[0m17:45:15.081933 [info ] [MainThread]: Using dbt_project.yml file at D:\Coding\SnowFlake\P4\dbt_demo_project\dbt_project.yml
[0m17:45:15.083229 [info ] [MainThread]: adapter type: snowflake
[0m17:45:15.083638 [info ] [MainThread]: adapter version: 1.12.1
[0m17:45:15.191398 [info ] [MainThread]: Configuration:
[0m17:45:15.191955 [info ] [MainThread]:   profiles.yml file [[32mOK found and valid[0m]
[0m17:45:15.192446 [info ] [MainThread]:   dbt_project.yml file [[32mOK found and valid[0m]
[0m17:45:15.192856 [info ] [MainThread]: Required dependencies:
[0m17:45:15.193404 [debug] [MainThread]: Executing "git --help"
[0m17:45:15.232307 [debug] [MainThread]: STDOUT: "b"usage: git [-v | --version] [-h | --help] [-C <path>] [-c <name>=<value>]\n           [--exec-path[=<path>]] [--html-path] [--man-path] [--info-path]\n           [-p | --paginate | -P | --no-pager] [--no-replace-objects] [--no-lazy-fetch]\n           [--no-optional-locks] [--no-advice] [--bare] [--git-dir=<path>]\n           [--work-tree=<path>] [--namespace=<name>] [--config-env=<name>=<envvar>]\n           <command> [<args>]\n\nThese are common Git commands used in various situations:\n\nstart a working area (see also: git help tutorial)\n   clone      Clone a repository into a new directory\n   init       Create an empty Git repository or reinitialize an existing one\n\nwork on the current change (see also: git help everyday)\n   add        Add file contents to the index\n   mv         Move or rename a file, a directory, or a symlink\n   restore    Restore working tree files\n   rm         Remove files from the working tree and from the index\n\nexamine the history and state (see also: git help revisions)\n   bisect     Use binary search to find the commit that introduced a bug\n   diff       Show changes between commits, commit and working tree, etc\n   grep       Print lines matching a pattern\n   log        Show commit logs\n   show       Show various types of objects\n   status     Show the working tree status\n\ngrow, mark and tweak your common history\n   backfill   Download missing objects in a partial clone\n   branch     List, create, or delete branches\n   commit     Record changes to the repository\n   merge      Join two or more development histories together\n   rebase     Reapply commits on top of another base tip\n   reset      Reset current HEAD to the specified state\n   switch     Switch branches\n   tag        Create, list, delete or verify a tag object signed with GPG\n\ncollaborate (see also: git help workflows)\n   fetch      Download objects and refs from another repository\n   pull       Fetch from and integrate with another repository or a local branch\n   push       Update remote refs along with associated objects\n\n'git help -a' and 'git help -g' list available subcommands and some\nconcept guides. See 'git help <command>' or 'git help <concept>'\nto read about a specific subcommand or concept.\nSee 'git help git' for an overview of the system.\n""
[0m17:45:15.232784 [debug] [MainThread]: STDERR: "b''"
[0m17:45:15.233115 [info ] [MainThread]:  - git [[32mOK found[0m]

[0m17:45:15.233525 [info ] [MainThread]: Connection:
[0m17:45:15.233972 [info ] [MainThread]:   account: emrygdj-bo26423
[0m17:45:15.234389 [info ] [MainThread]:   user: SHIJITHPULIKKAL
[0m17:45:15.234799 [info ] [MainThread]:   database: DBT_DEMO
[0m17:45:15.235228 [info ] [MainThread]:   warehouse: DBT_WH
[0m17:45:15.235668 [info ] [MainThread]:   role: ACCOUNTADMIN
[0m17:45:15.236130 [info ] [MainThread]:   schema: STAGING
[0m17:45:15.236553 [info ] [MainThread]:   authenticator: None
[0m17:45:15.236954 [info ] [MainThread]:   oauth_client_id: None
[0m17:45:15.237360 [info ] [MainThread]:   query_tag: None
[0m17:45:15.237768 [info ] [MainThread]:   client_session_keep_alive: False
[0m17:45:15.238247 [info ] [MainThread]:   host: None
[0m17:45:15.238635 [info ] [MainThread]:   port: None
[0m17:45:15.239029 [info ] [MainThread]:   proxy_host: None
[0m17:45:15.239463 [info ] [MainThread]:   proxy_port: None
[0m17:45:15.239888 [info ] [MainThread]:   protocol: None
[0m17:45:15.240290 [info ] [MainThread]:   connect_retries: 1
[0m17:45:15.240685 [info ] [MainThread]:   connect_timeout: None
[0m17:45:15.241084 [info ] [MainThread]:   retry_on_database_errors: False
[0m17:45:15.241482 [info ] [MainThread]:   retry_all: False
[0m17:45:15.241877 [info ] [MainThread]:   insecure_mode: False
[0m17:45:15.242274 [info ] [MainThread]:   reuse_connections: True
[0m17:45:15.242670 [info ] [MainThread]:   s3_stage_vpce_dns_name: None
[0m17:45:15.243118 [info ] [MainThread]:   workload_identity_provider: None
[0m17:45:15.243500 [info ] [MainThread]:   workload_identity_entra_resource: None
[0m17:45:15.243895 [info ] [MainThread]:   platform_detection_timeout_seconds: 0.0
[0m17:45:15.244586 [info ] [MainThread]: Registered adapter: snowflake=1.12.1
[0m17:45:15.665821 [debug] [MainThread]: Acquiring new snowflake connection 'debug'
[0m17:45:15.668456 [debug] [MainThread]: Using snowflake connection "debug"
[0m17:45:15.668876 [debug] [MainThread]: On debug: select 1 as id
[0m17:45:15.669248 [debug] [MainThread]: Opening a new connection, currently in state init
[0m17:45:16.527371 [debug] [MainThread]: SQL status: SUCCESS 1 in 0.858 seconds
[0m17:45:16.530895 [info ] [MainThread]:   Connection test: [[32mOK connection ok[0m]

[0m17:45:16.532545 [info ] [MainThread]: [32mAll checks passed![0m
[0m17:45:16.534024 [info ] [MainThread]: Your new dbt project "dbt_demo_project" was created!
Initialized new project in D:\Coding\SnowFlake\P4\dbt_demo_project\dbt_demo_project

For more information on how to configure the profiles.yml file,
please consult the dbt documentation here:

  https://docs.getdbt.com/docs/configure-your-profile

One more thing:

Need help? Don't hesitate to reach out to us via GitHub issues or on Slack:

  https://community.getdbt.com/

Happy modeling!

[0m17:45:16.537222 [debug] [MainThread]: Command `dbt init` succeeded at 17:45:16.536883 after 163.31 seconds
[0m17:45:16.538009 [debug] [MainThread]: Connection 'debug' was left open.
[0m17:45:16.538758 [debug] [MainThread]: On debug: Close
[0m17:45:16.712705 [debug] [MainThread]: Sending event: {'category': 'dbt', 'action': 'invocation', 'label': 'end', 'context': [<snowplow_tracker.self_describing_json.SelfDescribingJson object at 0x000002324DE09BA0>, <snowplow_tracker.self_describing_json.SelfDescribingJson object at 0x0000023233EFA330>, <snowplow_tracker.self_describing_json.SelfDescribingJson object at 0x000002324DF059D0>]}
[0m17:45:16.713932 [debug] [MainThread]: Flushing usage events
[0m17:45:18.094269 [debug] [MainThread]: An error was encountered while trying to flush usage events
[0m18:46:30.916392 [debug] [MainThread]: Sending event: {'category': 'dbt', 'action': 'invocation', 'label': 'start', 'context': [<snowplow_tracker.self_describing_json.SelfDescribingJson object at 0x0000021F61F20D70>, <snowplow_tracker.self_describing_json.SelfDescribingJson object at 0x0000021F5ECB0E10>, <snowplow_tracker.self_describing_json.SelfDescribingJson object at 0x0000021F644EBB10>]}


============================== 18:46:30.922194 | 843dd7cd-bb96-4604-ae8f-ad5e9973d3d8 ==============================
[0m18:46:30.922194 [info ] [MainThread]: Running with dbt=1.12.5
[0m18:46:30.922842 [debug] [MainThread]: running dbt with arguments {'printer_width': '80', 'target_path': 'None', 'cache_selected_only': 'False', 'warn_error': 'None', 'maximum_seed_size_mib': '1', 'debug': 'False', 'static_parser': 'True', 'log_cache_events': 'False', 'profiles_dir': 'C:\\Users\\USER\\.dbt', 'log_format': 'default', 'quiet': 'False', 'empty': 'False', 'use_colors': 'True', 'partial_parse': 'True', 'version_check': 'True', 'log_path': 'logs', 'introspect': 'True', 'no_print': 'None', 'fail_fast': 'False', 'warn_error_options': 'WarnErrorOptionsV2(error=[], warn=[], silence=[])', 'invocation_command': 'dbt run --select staging', 'hints_enabled': 'True', 'send_anonymous_usage_stats': 'True', 'indirect_selection': 'eager', 'use_experimental_parser': 'False', 'write_json': 'True'}
[0m18:46:30.923311 [error] [MainThread]: [[31mERROR[0m]: Encountered an error:
Runtime Error
  No dbt_project.yml found at expected path D:\Coding\SnowFlake\P4\dbt_project.yml
  Verify that each entry within packages.yml (and their transitive dependencies) contains a file named dbt_project.yml
  
[0m18:46:30.924383 [debug] [MainThread]: Command `dbt run` failed at 18:46:30.924265 after 0.19 seconds
[0m18:46:30.924706 [debug] [MainThread]: Sending event: {'category': 'dbt', 'action': 'invocation', 'label': 'end', 'context': [<snowplow_tracker.self_describing_json.SelfDescribingJson object at 0x0000021F64554770>, <snowplow_tracker.self_describing_json.SelfDescribingJson object at 0x0000021F644C2330>, <snowplow_tracker.self_describing_json.SelfDescribingJson object at 0x0000021F64531F20>]}
[0m18:46:30.925031 [debug] [MainThread]: Flushing usage events
[0m18:46:32.358182 [debug] [MainThread]: An error was encountered while trying to flush usage events
